exports[`test AdminLogin should render 1`] = `
<div>
  <div
    className="login">
    <Connect(ReduxForm) />
    <p
      id="need-account">
      Need an account?
      <Link
        replace={false}
        to="/signup-admin">
         Sign Up
      </Link>
      . Valid Galvanize email required. 
    </p>
  </div>
</div>
`;
