exports[`test AdminConfiguration should render 1`] = `
<AdminConfiguration
  resetAddCohort={[Function]}
  resetAdminCohort={[Function]}
  store={
    Object {
      "clearActions": [Function],
      "dispatch": [Function],
      "getActions": [Function],
      "getState": [Function],
      "replaceReducer": [Function],
      "subscribe": [Function],
    }
  } />
`;
