exports[`test NavBar should render 1`] = `
<Menu
  className="nav"
  secondary={true}
  size="small">
  <MenuItem
    className="center"
    header={true}>
    <Link
      replace={false}
      to="/student/dashboard">
      <div
        className="nav-logo">
        lvl^
      </div>
    </Link>
    <Link
      replace={false}
      to="/admin/dashboard">
      <div
        className="nav-logo">
        lvl^
      </div>
    </Link>
  </MenuItem>
  <MenuItem
    className="right">
    <Connect(LogOutGithub) />
    <Connect(LogOutAdmin) />
  </MenuItem>
</Menu>
`;
