exports[`test StudentRewardRequestCompleted should render 1`] = `
<div
  className="lvl-table">
  <Table
    as="table"
    celled={true}
    color="orange"
    selectable={true}>
    <TableHeader
      as="thead">
      <TableRow
        as="tr"
        cellAs="td">
        <TableHeaderCell
          as="th"
          className="completed-thead"
          textAlign="center">
          Reward Request Successful!
        </TableHeaderCell>
      </TableRow>
    </TableHeader>
    <TableBody
      as="tbody">
      <TableRow
        as="tr"
        cellAs="td">
        <TableCell
          as="td">
          <Label
            ribbon={true}>
            Requested Reward
          </Label>
          Pizza Party
        </TableCell>
      </TableRow>
      <TableRow
        as="tr"
        cellAs="td">
        <TableCell
          as="td">
          <Label
            ribbon={true}>
            Request Notes
          </Label>
          No anchovies
        </TableCell>
      </TableRow>
    </TableBody>
  </Table>
  <Link
    replace={false}
    to="/student/rewards">
    <Button
      as="button"
      basic={true}
      color="orange">
      Back to Rewards
    </Button>
  </Link>
</div>
`;
